// Jest Snapshot v1, https://goo.gl/fbAQLP

exports[`Author renders correctly 1`] = `
<div>
  <a
    href="/"
  />
  <h2>
    <a
      href="/"
    >
      Kasey Hinton
    </a>
  </h2>
  <p>
    Kasey Hinton Knowledge Archive.
  </p>
</div>
`;
